[1;34mnote: [0mlabel of [1;34mx[0m set to [1;93mlow[0m
  10 | x [1;34m=[0m true;
       [1;34m~~[0m[1;34m^[0m
[1;34mnote: [0mlabel of [1;34mx[0m set to [1;93mhigh[0m
  11 | x [1;34m=[0m secret;
       [1;34m~~[0m[1;34m^[0m
[1;34mnote: [0mlabel of [1;34my[0m set to [1;93mhigh[0m
  14 | y [1;34m=[0m num;
       [1;34m~~[0m[1;34m^[0m
[1;34mnote: [0mlabel of [1;34my[0m set to [1;93mlow[0m
  15 | y [1;34m=[0m 42;
       [1;34m~~[0m[1;34m^[0m
[1;34mnote: [0mlabel of [1;34my[0m set to [1;93mhigh[0m
  16 | y [1;34m=[0m 42 + num;
       [1;34m~~[0m[1;34m^[0m
[[1;32m OK [0m] [1;93mhigh[0m [1;34mx[0m is [1;93mhigh[0m
[[1;31mFAIL[0m] [1;93mlow [0m [1;34my[0m is [1;93mhigh[0m
