[[1;32m OK [0m] [1;93mlow [0m [1;34merr[0m is [1;93mlow[0m
