[1;35msecurity error: [0minsecure explicit flow
   1 | low arr[3] = [10, 3, 6];
   2 | high secretNum = 99;
   3 | arr[2] [1;35m=[0m secretNum;
       [1;35m~~~~~~~[0m[1;35m^[0m
