[1;35msecurity error: [0minsecure explicit flow
   1 | high x = true;
   2 | low y = false;
   3 | y [1;35m=[0m x;
       [1;35m~~[0m[1;35m^[0m
