[[1;32m OK [0m] [1;93mhigh[0m [1;34mx[0m is [1;93mhigh[0m
[[1;32m OK [0m] [1;93mlow [0m [1;34my[0m is [1;93mlow[0m
[[1;32m OK [0m] [1;93mhigh[0m [1;34mrh[0m is [1;93mhigh[0m
[[1;32m OK [0m] [1;93mlow [0m [1;34mrl[0m is [1;93mlow[0m
