[1;35msecurity error: [0minsecure implicit flow - while loop using a high guard
   1 | high secret = 34;
   2 | low guess = 0;
   3 | [1;35mwhile[0m(guess != secret) {
       [1;35m[0m[1;35m^^^^^[0m
