[1;35msecurity error: [0minsecure implicit flow - while loop with a high guard
   7 | 
   8 | if (x) {
   9 |     while ([1;35mtrue[0m) {
       [1;35m~~~~~~~~~~~[0m[1;35m^^^^[0m
