[1;35msecurity error: [0mthrow in high context is not allowed
   9 | try {
  10 |     if (secret) {
  11 |         [1;35mthrow[0m;
       [1;35m~~~~~~~~[0m[1;35m^^^^^[0m
