[1;35msecurity error: [0mcan't index with a high value in a low array
   1 | low arr[3] = [false, false, false];
   2 | high secret = 2;
   3 | arr[[1;35msecret[0m] = true;
       [1;35m~~~~[0m[1;35m^^^^^^[0m
